C51 COMPILER V9.54   DELAY                                                                 06/16/2025 16:49:44 PAGE 1   


C51 COMPILER V9.54, COMPILATION OF MODULE DELAY
OBJECT MODULE PLACED IN .\Objects\delay.obj
COMPILER INVOKED BY: D:\Software\MDK\C51\BIN\C51.EXE delay.c OPTIMIZE(8,SPEED) BROWSE DEBUG OBJECTEXTEND PRINT(.\Listing
                    -s\delay.lst) OBJECT(.\Objects\delay.obj)

line level    source

   1          
   2          #include "delay.h"
   3          
   4          // 延时函数
   5          void DelayMS(uint ms) {
   6   1          uint i, j;
   7   1          for(i = 0; i < ms; i++)
   8   1              for(j = 0; j < 114; j++);
   9   1      }
  10          
  11          // 微秒级延时
  12          void DelayUS(uint us) {
  13   1          while(us--);
  14   1      }
*** WARNING C316 IN LINE 14 OF delay.c: unterminated conditionals


MODULE INFORMATION:   STATIC OVERLAYABLE
   CODE SIZE        =     43    ----
   CONSTANT SIZE    =   ----    ----
   XDATA SIZE       =   ----    ----
   PDATA SIZE       =   ----    ----
   DATA SIZE        =   ----    ----
   IDATA SIZE       =   ----    ----
   BIT SIZE         =   ----    ----
END OF MODULE INFORMATION.


C51 COMPILATION COMPLETE.  1 WARNING(S),  0 ERROR(S)
